../Src/GPIO_program.c:37:6:MGPIO_voidSetPinMode	8	static
../Src/GPIO_program.c:56:6:MGPIO_voidSetPinOutPutType	0	static
../Src/GPIO_program.c:77:6:MGPIO_voidSetPinOutSpeed	8	static
../Src/GPIO_program.c:97:6:MGPIO_voidSetPullType	8	static
../Src/GPIO_program.c:118:4:MGPIO_u8ReadData	0	static
../Src/GPIO_program.c:141:6:MGPIO_voidWriteData	0	static
../Src/GPIO_program.c:178:6:MGPIO_vPinLock	0	static
../Src/GPIO_program.c:225:6:MGPIO_voidSetPinAltFn	8	static
../Src/GPIO_program.c:258:6:MGPIO_voidPortOutputOneByte	8	static
